################################################################################
#                                                                              #
#      IAR Universal Linker V6.0.0.46                                          #
#                                                                              #
#           Link time     =  07/Dec/2016  22:37:12                             #
#           Target CPU    =  MSP430                                            #
#           List file     =  H:\github\39_CUITBIKE\CUITBIKE_V12_MSP430-SV10_16 #
#                            1201_D\USER\Debug\List\CUITBIKE_V12_MSP430-SV10_1 #
#                            61201_D.map                                       #
#           Output file 1 =  H:\github\39_CUITBIKE\CUITBIKE_V12_MSP430-SV10_16 #
#                            1201_D\USER\Debug\Exe\CUITBIKE_V12_MSP430-SV10_16 #
#                            1201_D.d43                                        #
#                            Format: debug                                     #
#                            UBROF version 10.0.6                              #
#                            Using library modules for C-SPY (-rt)             #
#           Command line  =  H:\github\39_CUITBIKE\CUITBIKE_V12_MSP430-SV10_16 #
#                            1201_D\USER\Debug\Obj\adc12.r43                   #
#                            H:\github\39_CUITBIKE\CUITBIKE_V12_MSP430-SV10_16 #
#                            1201_D\USER\Debug\Obj\check.r43                   #
#                            H:\github\39_CUITBIKE\CUITBIKE_V12_MSP430-SV10_16 #
#                            1201_D\USER\Debug\Obj\eeprom.r43                  #
#                            H:\github\39_CUITBIKE\CUITBIKE_V12_MSP430-SV10_16 #
#                            1201_D\USER\Debug\Obj\fft.r43                     #
#                            H:\github\39_CUITBIKE\CUITBIKE_V12_MSP430-SV10_16 #
#                            1201_D\USER\Debug\Obj\GPIO.r43                    #
#                            H:\github\39_CUITBIKE\CUITBIKE_V12_MSP430-SV10_16 #
#                            1201_D\USER\Debug\Obj\LCD12864.r43                #
#                            H:\github\39_CUITBIKE\CUITBIKE_V12_MSP430-SV10_16 #
#                            1201_D\USER\Debug\Obj\main.r43                    #
#                            H:\github\39_CUITBIKE\CUITBIKE_V12_MSP430-SV10_16 #
#                            1201_D\USER\Debug\Obj\sysclk.r43                  #
#                            H:\github\39_CUITBIKE\CUITBIKE_V12_MSP430-SV10_16 #
#                            1201_D\USER\Debug\Obj\timer.r43                   #
#                            H:\github\39_CUITBIKE\CUITBIKE_V12_MSP430-SV10_16 #
#                            1201_D\USER\Debug\Obj\wdog.r43                    #
#                            -o                                                #
#                            H:\github\39_CUITBIKE\CUITBIKE_V12_MSP430-SV10_16 #
#                            1201_D\USER\Debug\Exe\CUITBIKE_V12_MSP430-SV10_16 #
#                            1201_D.d43                                        #
#                            -l                                                #
#                            H:\github\39_CUITBIKE\CUITBIKE_V12_MSP430-SV10_16 #
#                            1201_D\USER\Debug\List\CUITBIKE_V12_MSP430-SV10_1 #
#                            61201_D.map                                       #
#                            -xes                                              #
#                            "-ID:\IAR Systems\Embedded Workbench 7.0\430\LIB\ #
#                            "                                                 #
#                            -f                                                #
#                            "D:\IAR Systems\Embedded Workbench 7.0\430\config #
#                            \linker\lnk430F5529.xcl"                          #
#                            (-cmsp430 -D?CPU30_OFFSET=2 -QCODE_I=CODE_ID      #
#                            -QTLS16_I=TLS16_ID -Z(CONST)INFO=1800-19FF        #
#                            -Z(CONST)INFOA=1980-19FF                          #
#                            -Z(CONST)INFOB=1900-197F                          #
#                            -Z(CONST)INFOC=1880-18FF                          #
#                            -Z(CONST)INFOD=1800-187F                          #
#                            -Z(DATA)DATA16_I,DATA16_Z,DATA16_N,TLS16_I=2400-4 #
#                            3FF                                               #
#                            -Z(DATA)DATA16_HEAP+_DATA16_HEAP_SIZE             #
#                            -Z(DATA)CODE_I                                    #
#                            -Z(DATA)DATA20_I,DATA20_Z,DATA20_N,DATA20_HEAP+_D #
#                            ATA20_HEAP_SIZE                                   #
#                            -Z(DATA)CSTACK+_STACK_SIZE#                       #
#                            -Z(CONST)DATA16_C,DATA16_ID,TLS16_ID,DIFUNCT,CHEC #
#                            KSUM=4400-FF7F                                    #
#                            -Z(CODE)CSTART,ISR_CODE,CODE16=4400-FF7F          #
#                            -P(CODE)CODE=4400-FF7F,10000-243FF                #
#                            -Z(CODE)CODE_ID                                   #
#                            -Z(CONST)DATA20_C,DATA20_ID=4400-FF7F,10000-243FF #
#                            -Z(CODE)INTVEC=FF80-FFFF                          #
#                            -Z(CODE)RESET=FFFE-FFFF) -f                       #
#                            "D:\IAR Systems\Embedded Workbench 7.0\430\config #
#                            \linker\multiplier32_loc2.xcl"                    #
#                            (-e?Mul8HwLoc2=?Mul8 -e?Mul16HwLoc2=?Mul16        #
#                            -e?Mul16to32uHwLoc2=?Mul16to32u                   #
#                            -e?Mul16to32sHwLoc2=?Mul16to32s                   #
#                            -e?Mul32Hw32Loc2=?Mul32                           #
#                            -e?Mul64Hw32Loc2=_Mul64i                          #
#                            -e?Mul32u32uto64iHw32Loc2=_Mul32u32uto64i         #
#                            -e?Mul32fHwLoc2=_Mul32f                           #
#                            -e_Mul64fHwPtrLoc2=_Mul64fPtr)                    #
#                            -D_STACK_SIZE=400 -rt                             #
#                            "D:\IAR Systems\Embedded Workbench 7.0\430\lib\dl #
#                            ib\dl430xlmff.r43"                                #
#                            -e_PrintfLarge=_Printf -e_ScanfLarge=_Scanf       #
#                            -D_DATA16_HEAP_SIZE=80 -s __program_start         #
#                            -D_DATA20_HEAP_SIZE=50                            #
#                                                                              #
#                           Copyright (C) 1987-2014 IAR Systems AB.            #
################################################################################





                ****************************************
                *                                      *
                *           CROSS REFERENCE            *
                *                                      *
                ****************************************

       Program entry at :           4800  Relocatable, from module : ?cstart




                ****************************************
                *                                      *
                *            RUNTIME MODEL             *
                *                                      *
                ****************************************

  __Heap_Handler             = Basic
  __SystemLibrary            = DLib
  __code_model               = large
  __core                     = 430X
  __data_model               = medium
  __dlib_file_descriptor     = 1
  __dlib_full_locale_support = 1
  __double_size              = 32
  __pic                      = no
  __reg_r4                   = free
  __reg_r5                   = free
  __rt_version               = 3

                ****************************************
                *                                      *
                *    AUTOMATIC SYMBOL REDIRECTIONS     *
                *                                      *
                ****************************************

                  There are no automatic symbol redirections.

                ****************************************
                *                                      *
                *              ENTRY LIST              *
                *                                      *
                ****************************************

Module  Entry                       Address
------  -----                       -------
?FILLER_BYTES
?ABS_ENTRY_MOD
        _DATA20_HEAP_SIZE            0050
        _DATA16_HEAP_SIZE            0080
        _STACK_SIZE                  0400
        ?CPU30_OFFSET                0002
adc12 ( H:\github\39_CUITBIKE\CUITBIKE_V12_MSP430-SV10_161201_D\USER\Debug\Obj\adc12.r43 )
        _A_ADC12CTL0_L               0700
        _A_ADC12CTL1_L               0702
        ADC12MCTL0                   0710
        _A_PCSEL_L                   024A
        _A_REFCTL0_L                 01B0
        ADC12CTL0                    0700
        ADC12CTL0_H                  0701
        ADC12CTL0_L                  0700
        ADC12CTL1                    0702
        ADC12CTL1_H                  0703
        ADC12CTL1_L                  0702
        PCSEL                        024A
        PCSEL_H                      024B
        PCSEL_L                      024A
        REFCTL0                      01B0
        REFCTL0_H                    01B1
        REFCTL0_L                    01B0
check ( H:\github\39_CUITBIKE\CUITBIKE_V12_MSP430-SV10_161201_D\USER\Debug\Obj\check.r43 )
eeprom ( H:\github\39_CUITBIKE\CUITBIKE_V12_MSP430-SV10_161201_D\USER\Debug\Obj\eeprom.r43 )
        _A_PAIN_L                    0200
        _A_PAOUT_L                   0202
        _A_PADIR_L                   0204
        _A_PASEL_L                   020A
        PAIN                         0200
        PAIN_H                       0201
        PAIN_L                       0200
        PAOUT                        0202
        PAOUT_H                      0203
        PAOUT_L                      0202
        PADIR                        0204
        PADIR_H                      0205
        PADIR_L                      0204
        PASEL                        020A
        PASEL_H                      020B
        PASEL_L                      020A
fft ( H:\github\39_CUITBIKE\CUITBIKE_V12_MSP430-SV10_161201_D\USER\Debug\Obj\fft.r43 )
GPIO ( H:\github\39_CUITBIKE\CUITBIKE_V12_MSP430-SV10_161201_D\USER\Debug\Obj\GPIO.r43 )
        _A_PBOUT_L                   0222
        _A_PBDIR_L                   0224
        _A_PCOUT_L                   0242
        _A_PCDIR_L                   0244
        _A_PDOUT_L                   0262
        _A_PDDIR_L                   0264
        GPIO_Init                    48E4
        PAOUT                        0202
        PAOUT_H                      0203
        PAOUT_L                      0202
        PADIR                        0204
        PADIR_H                      0205
        PADIR_L                      0204
        PASEL                        020A
        PASEL_H                      020B
        PASEL_L                      020A
        PBOUT                        0222
        PBOUT_H                      0223
        PBOUT_L                      0222
        PBDIR                        0224
        PBDIR_H                      0225
        PBDIR_L                      0224
        PCOUT                        0242
        PCOUT_H                      0243
        PCOUT_L                      0242
        PCDIR                        0244
        PCDIR_H                      0245
        PCDIR_L                      0244
        PDOUT                        0262
        PDOUT_H                      0263
        PDOUT_L                      0262
        PDDIR                        0264
        PDDIR_H                      0265
        PDDIR_L                      0264
LCD12864 ( H:\github\39_CUITBIKE\CUITBIKE_V12_MSP430-SV10_161201_D\USER\Debug\Obj\LCD12864.r43 )
        _A_PDIN_L                    0260
        bmp1                         4400
        delayms                      4AE2
        transfer_command_lcd         49B8
        transfer_data_lcd            49EE
        Initial_lcd                  4838
        lcd_address                  4A7C
        display_128x64               4A50
        PCOUT                        0242
        PCOUT_H                      0243
        PCOUT_L                      0242
        PCDIR                        0244
        PCDIR_H                      0245
        PCDIR_L                      0244
        PDIN                         0260
        PDIN_H                       0261
        PDIN_L                       0260
        PDOUT                        0262
        PDOUT_H                      0263
        PDOUT_L                      0262
        PDDIR                        0264
        PDDIR_H                      0265
        PDDIR_L                      0264
main ( H:\github\39_CUITBIKE\CUITBIKE_V12_MSP430-SV10_161201_D\USER\Debug\Obj\main.r43 )
        _A_ADC12IFG_L                070A
        _A_ADC12MEM0_L               0720
        Flag_Timer1A0                2400
        main                         4A24
        TIMER1_A0_ISR                4818
        TIMER1_A0_ISR::??INTVEC 98   FFE2
        ADC12CTL0                    0700
        ADC12CTL0_H                  0701
        ADC12CTL0_L                  0700
        ADC12IFG                     070A
        ADC12IFG_H                   070B
        ADC12IFG_L                   070A
        ADC12MEM0                    0720
        ADC12MEM0_H                  0721
        ADC12MEM0_L                  0720
        PDOUT                        0262
        PDOUT_H                      0263
        PDOUT_L                      0262
sysclk ( H:\github\39_CUITBIKE\CUITBIKE_V12_MSP430-SV10_161201_D\USER\Debug\Obj\sysclk.r43 )
        _A_SFRIFG1_L                 0102
        _A_UCSCTL3_L                 0166
        _A_UCSCTL4_L                 0168
        _A_UCSCTL6_L                 016C
        _A_UCSCTL7_L                 016E
        SystemClock                  497C
        PCSEL                        024A
        PCSEL_H                      024B
        PCSEL_L                      024A
        SFRIFG1                      0102
        SFRIFG1_H                    0103
        SFRIFG1_L                    0102
        UCSCTL3                      0166
        UCSCTL3_H                    0167
        UCSCTL3_L                    0166
        UCSCTL4                      0168
        UCSCTL4_H                    0169
        UCSCTL4_L                    0168
        UCSCTL6                      016C
        UCSCTL6_H                    016D
        UCSCTL6_L                    016C
        UCSCTL7                      016E
        UCSCTL7_H                    016F
        UCSCTL7_L                    016E
timer ( H:\github\39_CUITBIKE\CUITBIKE_V12_MSP430-SV10_161201_D\USER\Debug\Obj\timer.r43 )
        TA1CTL                       0380
        TA1CCTL0                     0382
        TA1CCR0                      0392
        TA1EX0                       03A0
        TB0CTL                       03C0
        TB0CCTL0                     03C2
        TB0CCR0                      03D2
        Init_TimerB0                 4AFA
        TIMERB1_ISR                  4830
        TIMERB1_ISR::??INTVEC 118    FFF6
        PBOUT                        0222
        PBOUT_H                      0223
        PBOUT_L                      0222
wdog ( H:\github\39_CUITBIKE\CUITBIKE_V12_MSP430-SV10_161201_D\USER\Debug\Obj\wdog.r43 )
        _A_WDTCTL_L                  015C
        WDOG_Init                    4AA6
        WDTCTL                       015C
        WDTCTL_H                     015D
        WDTCTL_L                     015C
?abort ( D:\IAR Systems\Embedded Workbench 7.0\430\lib\dlib\dl430xlmff.r43 )
?__dbg_break ( D:\IAR Systems\Embedded Workbench 7.0\430\lib\dlib\dl430xlmff.r43 )
        __DebugBreak                 4B28
?remove ( D:\IAR Systems\Embedded Workbench 7.0\430\lib\dlib\dl430xlmff.r43 )
?__close ( D:\IAR Systems\Embedded Workbench 7.0\430\lib\dlib\dl430xlmff.r43 )
?__dwrite ( D:\IAR Systems\Embedded Workbench 7.0\430\lib\dlib\dl430xlmff.r43 )
?__exit ( D:\IAR Systems\Embedded Workbench 7.0\430\lib\dlib\dl430xlmff.r43 )
        __exit                       4ACA
?__write ( D:\IAR Systems\Embedded Workbench 7.0\430\lib\dlib\dl430xlmff.r43 )
?_exit ( D:\IAR Systems\Embedded Workbench 7.0\430\lib\dlib\dl430xlmff.r43 )
        _exit                        4B24
?cos ( D:\IAR Systems\Embedded Workbench 7.0\430\lib\dlib\dl430xlmff.r43 )
?cppinit ( D:\IAR Systems\Embedded Workbench 7.0\430\lib\dlib\dl430xlmff.r43 )
?cstart ( D:\IAR Systems\Embedded Workbench 7.0\430\lib\dlib\dl430xlmff.r43 )
        __program_start              4800
        ?cstart_begin                4800
        ?cstart_init_zero            4804
        ?cstart_call_main            4810
        ?cstart_end                  4818
lowinit ( D:\IAR Systems\Embedded Workbench 7.0\430\lib\dlib\dl430xlmff.r43 )
?reset_vector ( D:\IAR Systems\Embedded Workbench 7.0\430\lib\dlib\dl430xlmff.r43 )
        ?reset_vector                FFFE
?errno ( D:\IAR Systems\Embedded Workbench 7.0\430\lib\dlib\dl430xlmff.r43 )
?exit ( D:\IAR Systems\Embedded Workbench 7.0\430\lib\dlib\dl430xlmff.r43 )
        exit                         4B20
?fclose ( D:\IAR Systems\Embedded Workbench 7.0\430\lib\dlib\dl430xlmff.r43 )
?fflush ( D:\IAR Systems\Embedded Workbench 7.0\430\lib\dlib\dl430xlmff.r43 )
?fmod ( D:\IAR Systems\Embedded Workbench 7.0\430\lib\dlib\dl430xlmff.r43 )
?Cast32f32i ( D:\IAR Systems\Embedded Workbench 7.0\430\lib\dlib\dl430xlmff.r43 )
_Cast32fto32s ( D:\IAR Systems\Embedded Workbench 7.0\430\lib\dlib\dl430xlmff.r43 )
?FLT_Extract ( D:\IAR Systems\Embedded Workbench 7.0\430\lib\dlib\dl430xlmff.r43 )
?FLT_EQ ( D:\IAR Systems\Embedded Workbench 7.0\430\lib\dlib\dl430xlmff.r43 )
?FLT_GE ( D:\IAR Systems\Embedded Workbench 7.0\430\lib\dlib\dl430xlmff.r43 )
?FLT_LT ( D:\IAR Systems\Embedded Workbench 7.0\430\lib\dlib\dl430xlmff.r43 )
_CmpEq32f ( D:\IAR Systems\Embedded Workbench 7.0\430\lib\dlib\dl430xlmff.r43 )
_CmpNe32f ( D:\IAR Systems\Embedded Workbench 7.0\430\lib\dlib\dl430xlmff.r43 )
_CmpGe32f ( D:\IAR Systems\Embedded Workbench 7.0\430\lib\dlib\dl430xlmff.r43 )
_CmpLt32f ( D:\IAR Systems\Embedded Workbench 7.0\430\lib\dlib\dl430xlmff.r43 )
_Div32f ( D:\IAR Systems\Embedded Workbench 7.0\430\lib\dlib\dl430xlmff.r43 )
_Add32f ( D:\IAR Systems\Embedded Workbench 7.0\430\lib\dlib\dl430xlmff.r43 )
?Mul32fHwLoc2 ( D:\IAR Systems\Embedded Workbench 7.0\430\lib\dlib\dl430xlmff.r43 )
?log ( D:\IAR Systems\Embedded Workbench 7.0\430\lib\dlib\dl430xlmff.r43 )
?malloc ( D:\IAR Systems\Embedded Workbench 7.0\430\lib\dlib\dl430xlmff.r43 )
?DivMod816u ( D:\IAR Systems\Embedded Workbench 7.0\430\lib\dlib\dl430xlmff.r43 )
?DivMod816s ( D:\IAR Systems\Embedded Workbench 7.0\430\lib\dlib\dl430xlmff.r43 )
?ShiftLeft32 ( D:\IAR Systems\Embedded Workbench 7.0\430\lib\dlib\dl430xlmff.r43 )
?memcpy ( D:\IAR Systems\Embedded Workbench 7.0\430\lib\dlib\dl430xlmff.r43 )
?memmove ( D:\IAR Systems\Embedded Workbench 7.0\430\lib\dlib\dl430xlmff.r43 )
?memzero ( D:\IAR Systems\Embedded Workbench 7.0\430\lib\dlib\dl430xlmff.r43 )
        __data16_memzero             4B0E
?MpuInit ( D:\IAR Systems\Embedded Workbench 7.0\430\lib\dlib\dl430xlmff.r43 )
?pow ( D:\IAR Systems\Embedded Workbench 7.0\430\lib\dlib\dl430xlmff.r43 )
?setjmp ( D:\IAR Systems\Embedded Workbench 7.0\430\lib\dlib\dl430xlmff.r43 )
?longjmp ( D:\IAR Systems\Embedded Workbench 7.0\430\lib\dlib\dl430xlmff.r43 )
?sin ( D:\IAR Systems\Embedded Workbench 7.0\430\lib\dlib\dl430xlmff.r43 )
?sqrt ( D:\IAR Systems\Embedded Workbench 7.0\430\lib\dlib\dl430xlmff.r43 )
?xcloseall ( D:\IAR Systems\Embedded Workbench 7.0\430\lib\dlib\dl430xlmff.r43 )
?xdint ( D:\IAR Systems\Embedded Workbench 7.0\430\lib\dlib\dl430xlmff.r43 )
?xdscale ( D:\IAR Systems\Embedded Workbench 7.0\430\lib\dlib\dl430xlmff.r43 )
?xdtest ( D:\IAR Systems\Embedded Workbench 7.0\430\lib\dlib\dl430xlmff.r43 )
?xdunscal ( D:\IAR Systems\Embedded Workbench 7.0\430\lib\dlib\dl430xlmff.r43 )
?xexp ( D:\IAR Systems\Embedded Workbench 7.0\430\lib\dlib\dl430xlmff.r43 )
?xfiles ( D:\IAR Systems\Embedded Workbench 7.0\430\lib\dlib\dl430xlmff.r43 )
?xfofind ( D:\IAR Systems\Embedded Workbench 7.0\430\lib\dlib\dl430xlmff.r43 )
?xgetmemchunk ( D:\IAR Systems\Embedded Workbench 7.0\430\lib\dlib\dl430xlmff.r43 )
?xlog ( D:\IAR Systems\Embedded Workbench 7.0\430\lib\dlib\dl430xlmff.r43 )
?xquad ( D:\IAR Systems\Embedded Workbench 7.0\430\lib\dlib\dl430xlmff.r43 )
?xsin ( D:\IAR Systems\Embedded Workbench 7.0\430\lib\dlib\dl430xlmff.r43 )
?xxmemxfree ( D:\IAR Systems\Embedded Workbench 7.0\430\lib\dlib\dl430xlmff.r43 )
?xxmemxmalloc ( D:\IAR Systems\Embedded Workbench 7.0\430\lib\dlib\dl430xlmff.r43 )


                ****************************************
                *                                      *
                *      SEGMENTS IN ADDRESS ORDER       *
                *                                      *
                ****************************************


SEGMENT              SPACE    START ADDRESS   END ADDRESS     SIZE  TYPE  ALIGN
=======              =====    =============   ===========     ====  ====  =====
DATA16_AN                              0102 - 0103               2   rel    0
                                       015C - 015D               2 
                                       0166 - 0169               4 
                                       016C - 016F               4 
                                       01B0 - 01B1               2 
                                       0200 - 0205               6 
                                       020A - 020B               2 
                                       0222 - 0225               4 
                                       0242 - 0245               4 
                                       024A - 024B               2 
                                       0260 - 0265               6 
                                       0380 - 0383               4 
                                       0392 - 0393               2 
                                       03A0 - 03A1               2 
                                       03C0 - 03C3               4 
                                       03D2 - 03D3               2 
                                       0700 - 0703               4 
                                       070A - 070B               2 
                                       0710 - 0710               1 
                                       0720 - 0721               2 
DATA16_I                                  2400                       dse    0
DATA16_Z                               2400 - 2401               2   rel    1
CSTACK                                 4000 - 43FF             400   rel    1
DATA16_C                               4400 - 47FF             400   rel    0
CSTART                                 4800 - 4817              18   rel    1
ISR_CODE                               4818 - 4837              20   rel    1
<CODE> 1                               4838 - 4B29             2F2   rel    1
INTVEC                                 FF80 - FFF7              78   com    1
RESET                                  FFFE - FFFF               2   rel    1

                ****************************************
                *                                      *
                *        END OF CROSS REFERENCE        *
                *                                      *
                ****************************************

   932 bytes of CODE  memory
 1 026 bytes of DATA  memory (+ 61 absolute )
 1 024 bytes of CONST memory

Errors: none
Warnings: none

